04/08/2026 14:06:38 - ERROR - log_erro - Falha ao inicializar o motor PaddleOCR | Detalhe: Unknown argument: show_log
Traceback (most recent call last):
  File "c:\Users\AB-ADVOGADOS\Desktop\PDF2MD_V2\ocr\manager.py", line 27, in inicializar_se_necessario
    self.motor = PaddleOCR(
                 ^^^^^^^^^^
  File "c:\Users\AB-ADVOGADOS\AppData\Roaming\uv\python\cpython-3.11.15-windows-x86_64-none\Lib\site-packages\paddleocr\_pipelines\ocr.py", line 173, in __init__
    super().__init__(**base_params)
  File "c:\Users\AB-ADVOGADOS\AppData\Roaming\uv\python\cpython-3.11.15-windows-x86_64-none\Lib\site-packages\paddleocr\_pipelines\base.py", line 63, in __init__
    self._common_args = parse_common_args(
                        ^^^^^^^^^^^^^^^^^^
  File "c:\Users\AB-ADVOGADOS\AppData\Roaming\uv\python\cpython-3.11.15-windows-x86_64-none\Lib\site-packages\paddleocr\_common_args.py", line 54, in parse_common_args
    raise ValueError(f"Unknown argument: {name}")
ValueError: Unknown argument: show_log
04/08/2026 14:31:07 - ERROR - log_erro - Falha ao inicializar o motor PaddleOCR | Detalhe: No models are available for lang='pt' and ocr_version='PP-OCRv4'.
Traceback (most recent call last):
  File "c:\Users\AB-ADVOGADOS\Desktop\PDF2MD_V2\ocr\manager.py", line 28, in inicializar_se_necessario
    self.motor = PaddleOCR(
                 ^^^^^^^^^^
  File "c:\Users\AB-ADVOGADOS\AppData\Roaming\uv\python\cpython-3.11.15-windows-x86_64-none\Lib\site-packages\paddleocr\_pipelines\ocr.py", line 117, in __init__
    raise ValueError(
ValueError: No models are available for lang='pt' and ocr_version='PP-OCRv4'.
